warning: profiles for the non root package will be ignored, specify profiles at the workspace root:
package:   /dev/shm/relay916-sanctifier680-full/contracts/amm-pool/Cargo.toml
workspace: /dev/shm/relay916-sanctifier680-full/Cargo.toml
warning: profiles for the non root package will be ignored, specify profiles at the workspace root:
package:   /dev/shm/relay916-sanctifier680-full/contracts/reentrancy-guard/Cargo.toml
workspace: /dev/shm/relay916-sanctifier680-full/Cargo.toml
warning: profiles for the non root package will be ignored, specify profiles at the workspace root:
package:   /dev/shm/relay916-sanctifier680-full/contracts/protected-vault/Cargo.toml
workspace: /dev/shm/relay916-sanctifier680-full/Cargo.toml
warning: profiles for the non root package will be ignored, specify profiles at the workspace root:
package:   /dev/shm/relay916-sanctifier680-full/contracts/runtime-guard-wrapper/Cargo.toml
workspace: /dev/shm/relay916-sanctifier680-full/Cargo.toml
   Compiling unicode-ident v1.0.24
   Compiling proc-macro2 v1.0.69
   Compiling quote v1.0.33
   Compiling syn v2.0.39
   Compiling serde v1.0.192
   Compiling serde_derive v1.0.192
   Compiling autocfg v1.5.0
   Compiling version_check v0.9.5
   Compiling typenum v1.19.0
   Compiling serde_json v1.0.108
   Compiling cfg-if v1.0.4
   Compiling itoa v1.0.17
   Compiling ryu v1.0.23
   Compiling crate-git-revision v0.0.6
   Compiling libc v0.2.183
   Compiling zeroize v1.8.2
   Compiling generic-array v0.14.9
   Compiling const-oid v0.9.6
   Compiling subtle v2.6.1
   Compiling strsim v0.11.1
   Compiling ident_case v1.0.1
   Compiling fnv v1.0.7
   Compiling darling_core v0.20.10
   Compiling darling_macro v0.20.10
   Compiling crypto-common v0.1.6
   Compiling block-buffer v0.10.4
   Compiling getrandom v0.2.11
   Compiling rand_core v0.6.4
   Compiling digest v0.10.7
   Compiling darling v0.20.10
   Compiling thiserror v1.0.55
   Compiling serde_with_macros v3.12.0
   Compiling stellar-strkey v0.0.8
   Compiling thiserror-impl v1.0.55
   Compiling either v1.15.0
   Compiling hex v0.4.3
   Compiling base32 v0.4.0
   Compiling stellar-xdr v20.1.0
   Compiling num-traits v0.2.17
   Compiling escape-bytes v0.1.1
   Compiling semver v1.0.27
   Compiling rustc_version v0.4.1
   Compiling serde_with v3.12.0
   Compiling cpufeatures v0.2.17
error: could not compile `stellar-xdr` (lib)

Caused by:
  process didn't exit successfully: `/dev/shm/relay916-rust-runtime/rustup/toolchains/1.85.0-x86_64-unknown-linux-gnu/bin/rustc --crate-name stellar_xdr --edition=2021 /dev/shm/relay916-rust-runtime/cargo/registry/src/index.crates.io-1949cf8c6b5b557f/stellar-xdr-20.1.0/src/lib.rs --error-format=json --json=diagnostic-rendered-ansi,artifacts,future-incompat --crate-type lib --emit=dep-info,metadata,link -C embed-bitcode=no --cfg 'feature="alloc"' --cfg 'feature="curr"' --cfg 'feature="hex"' --cfg 'feature="serde"' --cfg 'feature="std"' --check-cfg 'cfg(docsrs,test)' --check-cfg 'cfg(feature, values("alloc", "arbitrary", "base64", "cli", "curr", "default", "hex", "next", "serde", "serde_json", "std"))' -C metadata=69e149be908f21ea -C extra-filename=-115ee320b63a0e56 --out-dir /dev/relay916-build/debug/deps -C strip=debuginfo -L dependency=/dev/relay916-build/debug/deps --extern escape_bytes=/dev/relay916-build/debug/deps/libescape_bytes-abfb80951a568eab.rmeta --extern hex=/dev/relay916-build/debug/deps/libhex-3bf309832bc6d32b.rmeta --extern serde=/dev/relay916-build/debug/deps/libserde-3bc5784d763543ea.rmeta --extern serde_with=/dev/relay916-build/debug/deps/libserde_with-d492efe1559563d7.rmeta --extern stellar_strkey=/dev/relay916-build/debug/deps/libstellar_strkey-70a7778c41621049.rmeta --cap-lints allow` (signal: 9, SIGKILL: kill)
